[RTK:PASSTHROUGH] playwright parser: All parsing tiers failed
[e2e setup] waiting for server to stabilize...
[e2e setup] server stable
[cleanup-e2e] deleted test mahasiswa NIM 221360099
{
  "config": {
    "configFile": "/home/zhev/myproject/e-layanan/playwright.config.ts",
    "rootDir": "/home/zhev/myproject/e-layanan/e2e",
    "forbidOnly": false,
    "fullyParallel": false,
    "globalSetup": "/home/zhev/myproject/e-layanan/e2e/global-setup.ts",
    "globalTeardown": null,
    "globalTimeout": 0,
    "grep": {},
    "grepInvert": null,
    "maxFailures": 0,
    "metadata": {
      "actualWorkers": 1
    },
    "preserveOutput": "always",
    "projects": [
      {
        "outputDir": "/home/zhev/myproject/e-layanan/test-results",
        "repeatEach": 1,
        "retries": 0,
        "metadata": {
          "actualWorkers": 1
        },
        "id": "chromium",
        "name": "chromium",
        "testDir": "/home/zhev/myproject/e-layanan/e2e",
        "testIgnore": [],
        "testMatch": [
          "**/*.@(spec|test).?(c|m)[jt]s?(x)"
        ],
        "timeout": 30000
      }
    ],
    "quiet": false,
    "reporter": [
      [
        "json"
      ]
    ],
    "reportSlowTests": {
      "max": 5,
      "threshold": 300000
    },
    "shard": null,
    "tags": [],
    "updateSnapshots": "missing",
    "updateSourceMethod": "patch",
    "version": "1.60.0",
    "workers": 1,
    "webServer": null
  },
  "suites": [
    {
      "title": "01-auth.spec.ts",
      "file": "01-auth.spec.ts",
      "column": 0,
      "line": 0,
      "specs": [],
      "suites": [
        {
          "title": "01 — Autentikasi",
          "file": "01-auth.spec.ts",
          "line": 4,
          "column": 6,
          "specs": [
            {
              "title": "Register mahasiswa baru dengan NIM valid",
              "ok": true,
              "tags": [],
              "tests": [
                {
                  "timeout": 30000,
                  "annotations": [],
                  "expectedStatus": "passed",
                  "pro

[RTK:PASSTHROUGH] Output truncated (17247 chars → 2000 chars)
[full output: ~/.local/share/rtk/tee/1782116063_playwright.log]
